# serializer version: 1
# name: test_integration_get_asset_by_id
  dict({
    'data': dict({
      'asset': dict({
        'address': '0x7130d2a12b9bcbfae4f2634d864a1ee1ce3ead9c',
        'display_name': 'Binance Bitcoin',
        'id': 'bsc:0x7130d2a12b9bcbfae4f2634d864a1ee1ce3ead9c',
        'name': 'Binance Bitcoin',
        'ticker': 'BTCB',
      }),
    }),
  })
# ---
