# serializer version: 1
# name: test_integration_get_asset_by_id
  dict({
    'data': dict({
      'asset': dict({
        'address': '0x7130d2A12B9BCbFAe4f2634d864A1Ee1Ce3Ead9c',
        'display_name': 'Bitcoin',
        'id': 'bsc:0x7130d2A12B9BCbFAe4f2634d864A1Ee1Ce3Ead9c',
        'name': 'Binance Pegged Bitcoin',
        'ticker': 'BTCB',
      }),
    }),
  })
# ---
