# serializer version: 1
# name: test_integration_get_all_baskets
  dict({
    'baskets': list([
      dict({
        'denomination': '10.0',
        'description': 'This basket provides targeted exposure to cutting-edge blockchain projects focused on infrastructure scalability, decentralized data, and artificial intelligence. These tokens represent foundational technologies driving the next wave of decentralized applications, offering a blend of utility, interoperability, and innovation. Ideal for forward-looking investors, the basket captures key narratives shaping the evolution of Web3—from smart contract optimization to intelligent agent networks.',
        'display_name': 'AI',
        'id': '50041f0f-dc5f-4d3d-9029-538ad1a794b4',
        'name': 'AI',
        'ticker': 'AI',
        'tokens': list([
          dict({
            'address': '0x1Fa4a73a3F0133f0025378af00236f3aBDEE5D63',
            'display_name': 'NEAR Protocol',
            'id': 'bsc:0x1fa4a73a3f0133f0025378af00236f3abdee5d63',
            'name': 'NEAR Protocol',
            'ticker': 'NEAR',
          }),
          dict({
            'address': '0x0D8Ce2A99Bb6e3B7Db580eD848240e4a0F9aE153',
            'display_name': 'Filecoin',
            'id': 'bsc:0x0d8ce2a99bb6e3b7db580ed848240e4a0f9ae153',
            'name': 'Filecoin',
            'ticker': 'FIL',
          }),
          dict({
            'address': '0x031b41e504677879370e9DBcF937283A8691Fa7f',
            'display_name': 'Fetch.ai',
            'id': 'bsc:0x031b41e504677879370e9dbcf937283a8691fa7f',
            'name': 'FetchToken',
            'ticker': 'FET',
          }),
          dict({
            'address': '0xa2b726b1145a4773f68593cf171187d8ebe4d495',
            'display_name': 'Injective',
            'id': 'bsc:0xa2b726b1145a4773f68593cf171187d8ebe4d495',
            'name': 'Injective',
            'ticker': 'INJ',
          }),
        ]),
      }),
      dict({
        'denomination': '10.0',
        'description': 'This curated basket offers broad exposure to the crypto market through a selection of established, high-liquidity digital assets spanning different blockchain ecosystems. It is designed to balance long-term value preservation with growth potential, reflecting both foundational and emerging trends in decentralized technology. The combination supports diversification across transaction layers, use cases, and network adoption, making it a resilient core holding for crypto-oriented portfolios.',
        'display_name': 'Big4',
        'id': '2bb6425b-a9ee-4292-89c8-c1f0c7a5cb70',
        'name': 'Big4',
        'ticker': 'B4',
        'tokens': list([
          dict({
            'address': '0x7130d2A12B9BCbFAe4f2634d864A1Ee1Ce3Ead9c',
            'display_name': 'Bitcoin',
            'id': 'bsc:0x7130d2a12b9bcbfae4f2634d864a1ee1ce3ead9c',
            'name': 'Binance Pegged Bitcoin',
            'ticker': 'BTC',
          }),
          dict({
            'address': '0x2170Ed0880ac9A755fd29B2688956BD959F933F8',
            'display_name': 'Ethereum',
            'id': 'bsc:0x2170ed0880ac9a755fd29b2688956bd959f933f8',
            'name': 'Binance Pegged Ethereum',
            'ticker': 'ETH',
          }),
          dict({
            'address': '0x570A5D26f7765Ecb712C0924E4De545B89fD43dF',
            'display_name': 'Solana',
            'id': 'bsc:0x570a5d26f7765ecb712c0924e4de545b89fd43df',
            'name': 'SOLANA',
            'ticker': 'SOL',
          }),
          dict({
            'address': '0xbb4CdB9CBd36B01bD1cBaEBF2De08d9173bc095c',
            'display_name': 'Binance Coin',
            'id': 'bsc:0xbb4cdb9cbd36b01bd1cbaebf2de08d9173bc095c',
            'name': 'WBNB Token',
            'ticker': 'WBNB',
          }),
        ]),
      }),
      dict({
        'denomination': '10.0',
        'description': 'This basket features a diverse mix of leading Layer-1 and utility tokens that form the backbone of the blockchain ecosystem in 2025. Representing widely adopted smart contract platforms, cross-chain protocols, and decentralized infrastructure, these assets reflect the continued maturity and interoperability of the crypto space. By excluding stablecoins, the basket maintains direct exposure to market-driven value while focusing on assets that power network operations, governance, and user interaction across decentralized applications.',
        'display_name': 'Coinmarketcap Top 10 2025',
        'id': 'bec1f741-61f2-4903-a4fd-363c63deaa4e',
        'name': 'Coinmarketcap Top 10 2025',
        'ticker': 'CMC10',
        'tokens': list([
          dict({
            'address': '0x7130d2A12B9BCbFAe4f2634d864A1Ee1Ce3Ead9c',
            'display_name': 'Bitcoin',
            'id': 'bsc:0x7130d2a12b9bcbfae4f2634d864a1ee1ce3ead9c',
            'name': 'Binance Pegged Bitcoin',
            'ticker': 'BTC',
          }),
          dict({
            'address': '0x2170Ed0880ac9A755fd29B2688956BD959F933F8',
            'display_name': 'Ethereum',
            'id': 'bsc:0x2170ed0880ac9a755fd29b2688956bd959f933f8',
            'name': 'Binance Pegged ETH',
            'ticker': 'ETH',
          }),
          dict({
            'address': '0x1D2F0da169ceB9fC7B3144628dB156f3F6c60dBE',
            'display_name': 'XRP',
            'id': 'bsc:0x1d2f0da169ceb9fc7b3144628db156f3f6c60dbe',
            'name': 'XRP Token',
            'ticker': 'XRP',
          }),
          dict({
            'address': '0xbb4CdB9CBd36B01bD1cBaEBF2De08d9173bc095c',
            'display_name': 'Binance Coin',
            'id': 'bsc:0xbb4cdb9cbd36b01bd1cbaebf2de08d9173bc095c',
            'name': 'WBNB Token',
            'ticker': 'BNB',
          }),
          dict({
            'address': '0x570A5D26f7765Ecb712C0924E4De545B89fD43dF',
            'display_name': 'Solana',
            'id': 'bsc:0x570a5d26f7765ecb712c0924e4de545b89fd43df',
            'name': 'SOLANA',
            'ticker': 'SOL',
          }),
          dict({
            'address': '0x85EAC5Ac2F758618dFa09bDbe0cf174e7d574D5B',
            'display_name': 'Tron',
            'id': 'bsc:0x85eac5ac2f758618dfa09bdbe0cf174e7d574d5b',
            'name': 'Tron',
            'ticker': 'TRX',
          }),
          dict({
            'address': '0xbA2aE424d960c26247Dd6c32edC70B295c744C43',
            'display_name': 'Dogecoin',
            'id': 'bsc:0xba2ae424d960c26247dd6c32edc70b295c744c43',
            'name': 'Dogecoin',
            'ticker': 'DOGE',
          }),
          dict({
            'address': '0x3EE2200Efb3400fAbB9AacF31297cBdD1d435D47',
            'display_name': 'Cardano',
            'id': 'bsc:0x3ee2200efb3400fabb9aacf31297cbdd1d435d47',
            'name': 'Cardano Token',
            'ticker': 'ADA',
          }),
          dict({
            'address': '0xf8a0bf9cf54bb92f17374d9e9a321e6a111a51bd',
            'display_name': 'Chainlink',
            'id': 'bsc:0xf8a0bf9cf54bb92f17374d9e9a321e6a111a51bd',
            'name': 'ChainLink Token',
            'ticker': 'LINK',
          }),
          dict({
            'address': '0x1ce0c2827e2ef14d5c4f29a091d735a204794041',
            'display_name': 'Avalanche',
            'id': 'bsc:0x1ce0c2827e2ef14d5c4f29a091d735a204794041',
            'name': 'Avalanche',
            'ticker': 'AVAX',
          }),
        ]),
      }),
      dict({
        'denomination': '10.0',
        'description': "This basket features a curated selection of major blockchain assets that align with Cryptoummah.com's halal screening framework. Focused on transparency, utility, and real-world adoption, these assets represent foundational layers of the global crypto economy while adhering to ethical and Shariah-compliant investment principles. This basket is designed for faith-conscious investors seeking exposure to leading digital assets without compromising on religious values.",
        'display_name': 'Cryptoummah.com Certified Halal',
        'id': '0f4b83f3-47eb-45a1-a698-688365ef2e64',
        'name': 'Cryptoummah.com Certified Halal',
        'ticker': 'HALAL',
        'tokens': list([
          dict({
            'address': '0x7130d2A12B9BCbFAe4f2634d864A1Ee1Ce3Ead9c',
            'display_name': 'Bitcoin',
            'id': 'bsc:0x7130d2a12b9bcbfae4f2634d864a1ee1ce3ead9c',
            'name': 'Binance Pegged Bitcoin',
            'ticker': 'BTC',
          }),
          dict({
            'address': '0x2170Ed0880ac9A755fd29B2688956BD959F933F8',
            'display_name': 'Ethereum',
            'id': 'bsc:0x2170ed0880ac9a755fd29b2688956bd959f933f8',
            'name': 'Binance Pegged ETH',
            'ticker': 'ETH',
          }),
          dict({
            'address': '0x1D2F0da169ceB9fC7B3144628dB156f3F6c60dBE',
            'display_name': 'XRP',
            'id': 'bsc:0x1d2f0da169ceb9fc7b3144628db156f3f6c60dbe',
            'name': 'XRP Token',
            'ticker': 'XRP',
          }),
          dict({
            'address': '0xbb4CdB9CBd36B01bD1cBaEBF2De08d9173bc095c',
            'display_name': 'Binance Coin',
            'id': 'bsc:0xbb4cdb9cbd36b01bd1cbaebf2de08d9173bc095c',
            'name': 'WBNB Token',
            'ticker': 'BNB',
          }),
          dict({
            'address': '0x570A5D26f7765Ecb712C0924E4De545B89fD43dF',
            'display_name': 'Solana',
            'id': 'bsc:0x570a5d26f7765ecb712c0924e4de545b89fd43df',
            'name': 'SOLANA',
            'ticker': 'SOL',
          }),
          dict({
            'address': '0xce7de646e7208a4ef112cb6ed5038fa6cc6b12e3',
            'display_name': 'Tron',
            'id': 'bsc:0xce7de646e7208a4ef112cb6ed5038fa6cc6b12e3',
            'name': 'Tron',
            'ticker': 'TRX',
          }),
          dict({
            'address': '0x3ee2200efb3400fabb9aacf31297cbdd1d435d47',
            'display_name': 'Cardano',
            'id': 'bsc:0x3ee2200efb3400fabb9aacf31297cbdd1d435d47',
            'name': 'Cardano Token',
            'ticker': 'ADA',
          }),
        ]),
      }),
      dict({
        'denomination': '0.1',
        'description': 'This basket offers concentrated exposure to the memecoin sector—tokens driven by internet culture, viral trends, and highly engaged online communities. Often fueled by humor, speculation, and social media influence, memecoins represent a unique and volatile niche within the crypto landscape. This basket is designed for investors who understand the high-risk, high-reward nature of memecoins and are looking to capture upside from rapidly shifting narratives and collective enthusiasm in the digital economy.',
        'display_name': 'Memecoin mania',
        'id': 'c0e724d3-c4d0-4bd0-973d-edd3907ecf51',
        'name': 'Memecoin mania',
        'ticker': 'MEME',
        'tokens': list([
          dict({
            'address': '0xbA2aE424d960c26247Dd6c32edC70B295c744C43',
            'display_name': 'Dogecoin',
            'id': 'bsc:0xba2ae424d960c26247dd6c32edc70b295c744c43',
            'name': 'Dogecoin',
            'ticker': 'DOGE',
          }),
          dict({
            'address': '0x2859e4544C4bB03966803b044A93563Bd2D0DD4D',
            'display_name': 'Shiba Inu',
            'id': 'bsc:0x2859e4544c4bb03966803b044a93563bd2d0dd4d',
            'name': 'SHIBA INU',
            'ticker': 'SHIB',
          }),
          dict({
            'address': '0x25d887Ce7a35172C62FeBFD67a1856F20FaEbB00',
            'display_name': 'Pepe',
            'id': 'bsc:0x25d887ce7a35172c62febfd67a1856f20faebb00',
            'name': 'Pepe',
            'ticker': 'PEPE',
          }),
          dict({
            'address': '0xfb5b838b6cfeedc2873ab27866079ac55363d37e',
            'display_name': 'FLOKI',
            'id': 'bsc:0xfb5b838b6cfeedc2873ab27866079ac55363d37e',
            'name': 'FLOKI',
            'ticker': 'FLOKI',
          }),
          dict({
            'address': '0xA697e272a73744b343528C3Bc4702F2565b2F422',
            'display_name': 'Bonk',
            'id': 'bsc:0xa697e272a73744b343528c3bc4702f2565b2f422',
            'name': 'Bonk',
            'ticker': 'BONK',
          }),
          dict({
            'address': '0x86Bb94DdD16Efc8bc58e6b056e8df71D9e666429',
            'display_name': 'Test',
            'id': 'bsc:0x86bb94ddd16efc8bc58e6b056e8df71d9e666429',
            'name': 'Test',
            'ticker': 'TST',
          }),
          dict({
            'address': '0x5C85D6C6825aB4032337F11Ee92a72DF936b46F6',
            'display_name': 'mubarak',
            'id': 'bsc:0x5c85d6c6825ab4032337f11ee92a72df936b46f6',
            'name': 'mubarak',
            'ticker': 'MUBARAK',
          }),
        ]),
      }),
    ]),
  })
# ---
