# serializer version: 1
# name: test_cmc_top_20_basket_data_source_get
  list([
    BasketSimilarity(
      address='0x2f8a339b5889ffac4c5a956787cda593b3c36867',
      categories=list([
        'BNB Chain Ecosystem',
        'DTF',
        'Basket',
      ]),
      decimals=18,
      description='The CoinMarketCap 20 Index DTF (CMC20) is a liquid index token powered by Reserve that tracks the CoinMarketCap 20 Index. The CMC20 Index is a benchmark designed to measure the performance of the top 20 cryptocurrency projects by market capitalization, as ranked by CoinMarketCap. It excludes stablecoins (i.e. USDT), tokens that are pegged to other crypto assets (i.e. WBTC or stETH), and assets with limited investability (e.g. potential litigation risk, or limited circulating liquidity). The index represents the broader cryptocurrency market while providing insight into the performance of a diverse set of digital assets.',
      display_name='CoinMarketCap 20 Index',
      id='bsc:0x2f8a339b5889ffac4c5a956787cda593b3c36867',
      logo_uri='https://tokens.pancakeswap.finance/images/0x2f8A339B5889FfaC4c5A956787cdA593b3c36867.png',
      market_cap_usd=6773392,
      name='CoinMarketCap 20 Index DTF',
      ticker='CMC20',
      type='BASKET',
    ),
  ])
# ---
