# serializer version: 1
# name: test_coingecko_live_tokens_data_source_get
  list([
    SimilarityDocument(metadata={'source': {'id': 'bsc:0x570a5d26f7765ecb712c0924e4de545b89fd43df', 'name': 'SOLANA', 'display_name': 'Solana', 'ticker': 'SOL', 'address': '0x570A5D26f7765Ecb712C0924E4De545B89fD43dF', 'description': 'Solana token', 'decimals': 18, 'logo_uri': 'https://coin-images.coingecko.com/coins/images/54582/thumb/wsol.png', 'categories': ['BNB Chain Ecosystem', 'Binance-Peg Tokens']}, 'type': 'token', 'version': 5}, page_content='\nname: SOLANA\ndisplay_name: Solana\ndescription: Solana token\nticker: SOL\ndecimals: 18\naddress: 0x570A5D26f7765Ecb712C0924E4De545B89fD43dF\nlogo_uri: https://coin-images.coingecko.com/coins/images/54582/thumb/wsol.png\ncategories: BNB Chain Ecosystem, Binance-Peg Tokens\ntype: token\n', id='generated-id-570A5D26f7765Ecb712C0924E4De545B89fD43dF'),
    SimilarityDocument(metadata={'source': {'id': 'bsc:0x55d398326f99059ff775485246999027b3197955', 'name': 'Tether USD', 'display_name': 'Tether USD', 'ticker': 'USDT', 'address': '0x55d398326f99059ff775485246999027b3197955', 'description': 'Tether USD stablecoin', 'decimals': 18, 'logo_uri': 'https://coin-images.coingecko.com/coins/images/35021/thumb/USDT.png', 'categories': ['BNB Chain Ecosystem', 'Bridged USDT', 'Bridged-Tokens', 'Bridged Stablecoin']}, 'type': 'token', 'version': 5}, page_content='\nname: Tether USD\ndisplay_name: Tether USD\ndescription: Tether USD stablecoin\nticker: USDT\ndecimals: 18\naddress: 0x55d398326f99059ff775485246999027b3197955\nlogo_uri: https://coin-images.coingecko.com/coins/images/35021/thumb/USDT.png\ncategories: BNB Chain Ecosystem, Bridged USDT, Bridged-Tokens, Bridged Stablecoin\ntype: token\n', id='generated-id-55d398326f99059ff775485246999027b3197955'),
    SimilarityDocument(metadata={'source': {'id': 'bsc:0x2170ed0880ac9a755fd29b2688956bd959f933f8', 'name': 'Binance Ethereum', 'display_name': 'Ethereum', 'ticker': 'ETH', 'address': '0x2170Ed0880ac9A755fd29B2688956BD959F933F8', 'description': 'Binance pegged Ethereum token', 'decimals': 18, 'logo_uri': 'https://coin-images.coingecko.com/coins/images/39580/thumb/weth.png', 'categories': ['BNB Chain Ecosystem', 'Binance-Peg Tokens']}, 'type': 'token', 'version': 5}, page_content='\nname: Binance Ethereum\ndisplay_name: Ethereum\ndescription: Binance pegged Ethereum token\nticker: ETH\ndecimals: 18\naddress: 0x2170Ed0880ac9A755fd29B2688956BD959F933F8\nlogo_uri: https://coin-images.coingecko.com/coins/images/39580/thumb/weth.png\ncategories: BNB Chain Ecosystem, Binance-Peg Tokens\ntype: token\n', id='generated-id-2170Ed0880ac9A755fd29B2688956BD959F933F8'),
  ])
# ---
