# serializer version: 1
# name: test_pancakeswap_tokens_data_source_get
  list([
    TokenSimilarity(
      address='0x61909950e1bfb5d567c5463cbd33dc1cdc85ee93',
      categories=list([
      ]),
      decimals=18,
      description='',
      display_name='Lithosphere',
      id='bsc:0x61909950e1bfb5d567c5463cbd33dc1cdc85ee93',
      logo_uri='https://tokens.pancakeswap.finance/images/0x0E09FaBB73Bd3Ade0a17ECC321fD13a19e81cE82.png',
      market_cap_usd=0,
      name='Lithosphere',
      ticker='LITHO',
      type='TOKEN',
    ),
  ])
# ---
