# serializer version: 1
# name: test_integration_get_portfolio
  dict({
    'available_balance': dict({
      'converted_balance': dict({
        'asset': dict({
          'address': '0x55d398326f99059ff775485246999027b3197955',
          'categories': list([
            'BNB Chain Ecosystem',
            'Bridged USDT',
            'Bridged-Tokens',
            'Bridged Stablecoin',
          ]),
          'decimals': 18,
          'description': 'Tether USD stablecoin',
          'display_name': 'Tether USD',
          'id': 'bsc:0x55d398326f99059ff775485246999027b3197955',
          'logo_uri': None,
          'name': 'Tether USD',
          'ticker': 'USDT',
        }),
        'decimals': 18,
      }),
      'native_balance': dict({
        'amount': '10000',
        'amount_atomic': '10000000000000000000000',
        'asset': dict({
          'address': '0xEeeeeEeeeEeEeeEeEeEeeEEEeeeeEeeeeeeeEEeE',
          'categories': list([
            'Crypto-Backed Tokens',
            'BNB Chain Ecosystem',
            'Wrapped-Tokens',
          ]),
          'decimals': 18,
          'description': 'Binance native token',
          'display_name': 'Binance Coin',
          'id': 'bsc:0xeeeeeeeeeeeeeeeeeeeeeeeeeeeeeeeeeeeeeeee',
          'logo_uri': 'https://coin-images.coingecko.com/coins/images/12591/thumb/binance-coin-logo.png',
          'name': 'Binance Coin',
          'ticker': 'BNB',
        }),
        'decimals': 18,
      }),
    }),
    'holding_balances': list([
      dict({
        'converted_balance': dict({
          'asset': dict({
            'address': '0x55d398326f99059ff775485246999027b3197955',
            'categories': list([
              'BNB Chain Ecosystem',
              'Bridged USDT',
              'Bridged-Tokens',
              'Bridged Stablecoin',
            ]),
            'decimals': 18,
            'description': 'Tether USD stablecoin',
            'display_name': 'Tether USD',
            'id': 'bsc:0x55d398326f99059ff775485246999027b3197955',
            'logo_uri': None,
            'name': 'Tether USD',
            'ticker': 'USDT',
          }),
          'decimals': 18,
        }),
        'native_balance': dict({
          'amount': '2.32',
          'amount_atomic': '2320000000000000000',
          'asset': dict({
            'address': '0x570A5D26f7765Ecb712C0924E4De545B89fD43dF',
            'categories': list([
              'BNB Chain Ecosystem',
              'Binance-Peg Tokens',
            ]),
            'decimals': 18,
            'description': 'Solana token',
            'display_name': 'Solana',
            'id': 'bsc:0x570a5d26f7765ecb712c0924e4de545b89fd43df',
            'logo_uri': None,
            'name': 'SOLANA',
            'ticker': 'SOL',
          }),
          'decimals': 18,
        }),
      }),
      dict({
        'converted_balance': dict({
          'asset': dict({
            'address': '0x55d398326f99059ff775485246999027b3197955',
            'categories': list([
              'BNB Chain Ecosystem',
              'Bridged USDT',
              'Bridged-Tokens',
              'Bridged Stablecoin',
            ]),
            'decimals': 18,
            'description': 'Tether USD stablecoin',
            'display_name': 'Tether USD',
            'id': 'bsc:0x55d398326f99059ff775485246999027b3197955',
            'logo_uri': None,
            'name': 'Tether USD',
            'ticker': 'USDT',
          }),
          'decimals': 18,
        }),
        'native_balance': dict({
          'amount': '9.99',
          'amount_atomic': '9990000000000000000',
          'asset': dict({
            'address': '0x55d398326f99059ff775485246999027b3197955',
            'categories': list([
              'BNB Chain Ecosystem',
              'Bridged USDT',
              'Bridged-Tokens',
              'Bridged Stablecoin',
            ]),
            'decimals': 18,
            'description': 'Tether USD stablecoin',
            'display_name': 'Tether USD',
            'id': 'bsc:0x55d398326f99059ff775485246999027b3197955',
            'logo_uri': None,
            'name': 'Tether USD',
            'ticker': 'USDT',
          }),
          'decimals': 18,
        }),
      }),
      dict({
        'converted_balance': dict({
          'asset': dict({
            'address': '0x55d398326f99059ff775485246999027b3197955',
            'categories': list([
              'BNB Chain Ecosystem',
              'Bridged USDT',
              'Bridged-Tokens',
              'Bridged Stablecoin',
            ]),
            'decimals': 18,
            'description': 'Tether USD stablecoin',
            'display_name': 'Tether USD',
            'id': 'bsc:0x55d398326f99059ff775485246999027b3197955',
            'logo_uri': None,
            'name': 'Tether USD',
            'ticker': 'USDT',
          }),
          'decimals': 18,
        }),
        'native_balance': dict({
          'amount': '10.83',
          'amount_atomic': '10830000000000000000',
          'asset': dict({
            'address': '0x2170Ed0880ac9A755fd29B2688956BD959F933F8',
            'categories': list([
              'BNB Chain Ecosystem',
              'Binance-Peg Tokens',
            ]),
            'decimals': 18,
            'description': 'Binance pegged Ethereum token',
            'display_name': 'Ethereum',
            'id': 'bsc:0x2170ed0880ac9a755fd29b2688956bd959f933f8',
            'logo_uri': None,
            'name': 'Binance Ethereum',
            'ticker': 'ETH',
          }),
          'decimals': 18,
        }),
      }),
    ]),
    'pending_orders': list([
      dict({
        'buy_balance': dict({
          'amount': '100.00',
          'amount_atomic': '100000000000000000000',
          'asset': dict({
            'address': '0x55d398326f99059ff775485246999027b3197955',
            'categories': list([
              'BNB Chain Ecosystem',
              'Bridged USDT',
              'Bridged-Tokens',
              'Bridged Stablecoin',
            ]),
            'decimals': 18,
            'description': 'Tether USD stablecoin',
            'display_name': 'Tether USD',
            'id': 'bsc:0x55d398326f99059ff775485246999027b3197955',
            'logo_uri': None,
            'name': 'Tether USD',
            'ticker': 'USDT',
          }),
          'decimals': 18,
        }),
        'created_at': 0,
        'id': 'cac0d510-d084-4881-967c-003c6d32983e',
        'sell_balance': dict({
          'amount': '100.00',
          'amount_atomic': '100000000000000000000',
          'asset': dict({
            'address': '0x55d398326f99059ff775485246999027b3197955',
            'categories': list([
              'BNB Chain Ecosystem',
              'Bridged USDT',
              'Bridged-Tokens',
              'Bridged Stablecoin',
            ]),
            'decimals': 18,
            'description': 'Tether USD stablecoin',
            'display_name': 'Tether USD',
            'id': 'bsc:0x55d398326f99059ff775485246999027b3197955',
            'logo_uri': None,
            'name': 'Tether USD',
            'ticker': 'USDT',
          }),
          'decimals': 18,
        }),
        'status': 'PENDING',
        'trigger': 'MANUAL',
        'type': 'BUY',
      }),
    ]),
    'total_balance': dict({
      'asset': dict({
        'address': '0x55d398326f99059ff775485246999027b3197955',
        'categories': list([
          'BNB Chain Ecosystem',
          'Bridged USDT',
          'Bridged-Tokens',
          'Bridged Stablecoin',
        ]),
        'decimals': 18,
        'description': 'Tether USD stablecoin',
        'display_name': 'Tether USD',
        'id': 'bsc:0x55d398326f99059ff775485246999027b3197955',
        'logo_uri': None,
        'name': 'Tether USD',
        'ticker': 'USDT',
      }),
      'decimals': 18,
    }),
  })
# ---
